src/__tests__/application/autosave-answer.use-case.test.ts(64,5): error TS2741: Property 'claimAnonymousAttempts' is missing in type '{ create: Mock<() => Promise<QuizAttempt>>; findById: Mock<() => Promise<QuizAttempt>>; findBySlug: Mock<() => Promise<null>>; ... 9 more ...; findInProgressByQuizAndUser: Mock<...>; }' but required in type 'IAttemptRepository'.
src/__tests__/application/reset-attempt.use-case.test.ts(86,5): error TS2741: Property 'claimAnonymousAttempts' is missing in type '{ create: Mock<() => Promise<QuizAttempt>>; findById: Mock<() => Promise<QuizAttempt>>; findBySlug: Mock<() => Promise<null>>; ... 9 more ...; findInProgressByQuizAndUser: Mock<...>; }' but required in type 'IAttemptRepository'.
src/__tests__/application/submit-attempt.use-case.test.ts(51,5): error TS2741: Property 'claimAnonymousAttempts' is missing in type '{ create: Mock<(attempt: QuizAttempt) => Promise<QuizAttempt>>; findById: Mock<(id: string) => Promise<QuizAttempt | null>>; ... 10 more ...; findLatestAttemptPerQuizByUser: Mock<...>; }' but required in type 'IAttemptRepository'.
src/__tests__/infrastructure/redis-event-publisher.service.test.ts(59,55): error TS2345: Argument of type '{ quizId: string; quizSlug: string; userId: string; questionsGenerated: number; totalQuestions: number; lastQuestion: { orderIndex: number; type: string; stem: string; }; }' is not assignable to parameter of type '{ quizId: string; quizSlug: string; quizTitle: string; userId: string; questionsGenerated: number; totalQuestions: number; lastQuestion: QuestionPreview | null; }'.
  Property 'quizTitle' is missing in type '{ quizId: string; quizSlug: string; userId: string; questionsGenerated: number; totalQuestions: number; lastQuestion: { orderIndex: number; type: string; stem: string; }; }' but required in type '{ quizId: string; quizSlug: string; quizTitle: string; userId: string; questionsGenerated: number; totalQuestions: number; lastQuestion: QuestionPreview | null; }'.
src/__tests__/infrastructure/redis-event-publisher.service.test.ts(79,55): error TS2345: Argument of type '{ quizId: string; quizSlug: string; userId: string; questionsGenerated: number; totalQuestions: number; lastQuestion: { orderIndex: number; type: string; stem: string; }; }' is not assignable to parameter of type '{ quizId: string; quizSlug: string; quizTitle: string; userId: string; questionsGenerated: number; totalQuestions: number; lastQuestion: QuestionPreview | null; }'.
  Property 'quizTitle' is missing in type '{ quizId: string; quizSlug: string; userId: string; questionsGenerated: number; totalQuestions: number; lastQuestion: { orderIndex: number; type: string; stem: string; }; }' but required in type '{ quizId: string; quizSlug: string; quizTitle: string; userId: string; questionsGenerated: number; totalQuestions: number; lastQuestion: QuestionPreview | null; }'.
src/__tests__/infrastructure/redis-event-publisher.service.test.ts(103,55): error TS2345: Argument of type '{ quizId: string; quizSlug: string; userId: string; questionsGenerated: number; totalQuestions: number; lastQuestion: { orderIndex: number; type: string; stem: string; }; }' is not assignable to parameter of type '{ quizId: string; quizSlug: string; quizTitle: string; userId: string; questionsGenerated: number; totalQuestions: number; lastQuestion: QuestionPreview | null; }'.
  Property 'quizTitle' is missing in type '{ quizId: string; quizSlug: string; userId: string; questionsGenerated: number; totalQuestions: number; lastQuestion: { orderIndex: number; type: string; stem: string; }; }' but required in type '{ quizId: string; quizSlug: string; quizTitle: string; userId: string; questionsGenerated: number; totalQuestions: number; lastQuestion: QuestionPreview | null; }'.
src/__tests__/infrastructure/redis-event-publisher.service.test.ts(129,55): error TS2345: Argument of type '{ quizId: string; quizSlug: string; userId: string; questionsGenerated: number; totalQuestions: number; lastQuestion: null; }' is not assignable to parameter of type '{ quizId: string; quizSlug: string; quizTitle: string; userId: string; questionsGenerated: number; totalQuestions: number; lastQuestion: QuestionPreview | null; }'.
  Property 'quizTitle' is missing in type '{ quizId: string; quizSlug: string; userId: string; questionsGenerated: number; totalQuestions: number; lastQuestion: null; }' but required in type '{ quizId: string; quizSlug: string; quizTitle: string; userId: string; questionsGenerated: number; totalQuestions: number; lastQuestion: QuestionPreview | null; }'.
src/__tests__/infrastructure/redis-event-publisher.service.test.ts(147,54): error TS2345: Argument of type '{ quizId: string; quizSlug: string; userId: string; }' is not assignable to parameter of type '{ quizId: string; quizSlug: string; quizTitle: string; userId: string; }'.
  Property 'quizTitle' is missing in type '{ quizId: string; quizSlug: string; userId: string; }' but required in type '{ quizId: string; quizSlug: string; quizTitle: string; userId: string; }'.
src/__tests__/infrastructure/redis-event-publisher.service.test.ts(160,54): error TS2345: Argument of type '{ quizId: string; quizSlug: string; userId: string; }' is not assignable to parameter of type '{ quizId: string; quizSlug: string; quizTitle: string; userId: string; }'.
  Property 'quizTitle' is missing in type '{ quizId: string; quizSlug: string; userId: string; }' but required in type '{ quizId: string; quizSlug: string; quizTitle: string; userId: string; }'.
src/__tests__/infrastructure/redis-event-publisher.service.test.ts(180,51): error TS2345: Argument of type '{ quizId: string; quizSlug: string; userId: string; errorMessage: string; }' is not assignable to parameter of type '{ quizId: string; quizSlug: string; quizTitle: string; userId: string; errorMessage: string; }'.
  Property 'quizTitle' is missing in type '{ quizId: string; quizSlug: string; userId: string; errorMessage: string; }' but required in type '{ quizId: string; quizSlug: string; quizTitle: string; userId: string; errorMessage: string; }'.
src/__tests__/infrastructure/redis-event-publisher.service.test.ts(196,51): error TS2345: Argument of type '{ quizId: string; quizSlug: string; userId: string; errorMessage: string; }' is not assignable to parameter of type '{ quizId: string; quizSlug: string; quizTitle: string; userId: string; errorMessage: string; }'.
  Property 'quizTitle' is missing in type '{ quizId: string; quizSlug: string; userId: string; errorMessage: string; }' but required in type '{ quizId: string; quizSlug: string; quizTitle: string; userId: string; errorMessage: string; }'.
src/__tests__/infrastructure/redis-event-publisher.service.test.ts(224,43): error TS2345: Argument of type '{ quizId: string; quizSlug: string; userId: string; questionsGenerated: number; totalQuestions: number; lastQuestion: null; }' is not assignable to parameter of type '{ quizId: string; quizSlug: string; quizTitle: string; userId: string; questionsGenerated: number; totalQuestions: number; lastQuestion: QuestionPreview | null; }'.
  Property 'quizTitle' is missing in type '{ quizId: string; quizSlug: string; userId: string; questionsGenerated: number; totalQuestions: number; lastQuestion: null; }' but required in type '{ quizId: string; quizSlug: string; quizTitle: string; userId: string; questionsGenerated: number; totalQuestions: number; lastQuestion: QuestionPreview | null; }'.
src/__tests__/infrastructure/redis-event-publisher.service.test.ts(235,42): error TS2345: Argument of type '{ quizId: string; quizSlug: string; userId: string; }' is not assignable to parameter of type '{ quizId: string; quizSlug: string; quizTitle: string; userId: string; }'.
  Property 'quizTitle' is missing in type '{ quizId: string; quizSlug: string; userId: string; }' but required in type '{ quizId: string; quizSlug: string; quizTitle: string; userId: string; }'.
src/__tests__/infrastructure/redis-event-publisher.service.test.ts(248,43): error TS2345: Argument of type '{ quizId: string; quizSlug: string; userId: string; questionsGenerated: number; totalQuestions: number; lastQuestion: null; }' is not assignable to parameter of type '{ quizId: string; quizSlug: string; quizTitle: string; userId: string; questionsGenerated: number; totalQuestions: number; lastQuestion: QuestionPreview | null; }'.
  Property 'quizTitle' is missing in type '{ quizId: string; quizSlug: string; userId: string; questionsGenerated: number; totalQuestions: number; lastQuestion: null; }' but required in type '{ quizId: string; quizSlug: string; quizTitle: string; userId: string; questionsGenerated: number; totalQuestions: number; lastQuestion: QuestionPreview | null; }'.
src/__tests__/infrastructure/redis-event-publisher.service.test.ts(259,42): error TS2345: Argument of type '{ quizId: string; quizSlug: string; userId: string; }' is not assignable to parameter of type '{ quizId: string; quizSlug: string; quizTitle: string; userId: string; }'.
  Property 'quizTitle' is missing in type '{ quizId: string; quizSlug: string; userId: string; }' but required in type '{ quizId: string; quizSlug: string; quizTitle: string; userId: string; }'.
src/__tests__/infrastructure/redis-event-publisher.service.test.ts(267,39): error TS2345: Argument of type '{ quizId: string; quizSlug: string; userId: string; errorMessage: string; }' is not assignable to parameter of type '{ quizId: string; quizSlug: string; quizTitle: string; userId: string; errorMessage: string; }'.
  Property 'quizTitle' is missing in type '{ quizId: string; quizSlug: string; userId: string; errorMessage: string; }' but required in type '{ quizId: string; quizSlug: string; quizTitle: string; userId: string; errorMessage: string; }'.
src/application/index.ts(128,3): error TS2305: Module '"./use-cases"' has no exported member 'ClaimAnonymousAttemptsUseCase'.
src/application/index.ts(129,8): error TS2305: Module '"./use-cases"' has no exported member 'ClaimAnonymousAttemptsInput'.
src/application/index.ts(130,8): error TS2305: Module '"./use-cases"' has no exported member 'ClaimAnonymousAttemptsOutput'.
src/application/index.ts(131,8): error TS2305: Module '"./use-cases"' has no exported member 'ClaimAnonymousAttemptsUseCaseDeps'.
src/infrastructure/database/repositories/drizzle-quiz.repository.ts(6,3): error TS2305: Module '"@/application"' has no exported member 'UserQuizFilterParams'.
src/infrastructure/database/repositories/drizzle-quiz.repository.ts(7,3): error TS2305: Module '"@/application"' has no exported member 'PublicQuizFilterParams'.
test3.ts(114,29): error TS2304: Cannot find name 'gemini'.
test3.ts(127,28): error TS2304: Cannot find name 'Part'.
test3.ts(190,45): error TS18048: 'questions' is possibly 'undefined'.
test3.ts(193,5): error TS18048: 'questions' is possibly 'undefined'.
test3.ts(197,5): error TS18048: 'questions' is possibly 'undefined'.
test3.ts(201,5): error TS18048: 'questions' is possibly 'undefined'.
